// Jest Snapshot v1, https://goo.gl/fbAQLP

exports[`Implementation test for ChatInput.vue - successful HTTP post Render correctly 1`] = `
<form novalidate="novalidate" class="v-form">
  <div class="container">
    <div class="row">
      <div class="col col-15">
        <div class="v-input input v-input--dense theme--light v-text-field v-text-field--enclosed v-text-field--outlined">
          <div class="v-input__control">
            <div class="v-input__slot">
              <fieldset aria-hidden="true">
                <legend style="width: 0px;"><span>â€‹</span></legend>
              </fieldset>
              <div class="v-text-field__slot"><label for="input-3" class="v-label theme--light" style="left: 0px; position: absolute;">Message</label><input name="message" id="input-3" type="text"></div>
              <div class="v-input__append-inner">
                <div class="v-input__icon v-input__icon--clear"><button disabled="disabled" type="button" aria-label="clear icon" class="v-icon notranslate v-icon--disabled v-icon--link material-icons theme--light">cancel</button></div>
              </div>
            </div>
            <div class="v-text-field__details">
              <div class="v-messages theme--light">
                <transition-group-stub tag="div" name="message-transition" class="v-messages__wrapper"></transition-group-stub>
              </div>
            </div>
          </div>
          <div class="v-input__append-outer">
            <div class="v-input__icon v-input__icon--append-outer"><button type="button" aria-label="append icon" class="v-icon notranslate v-icon--link material-icons theme--light">send</button></div>
          </div>
        </div>
      </div>
    </div>
  </div>
</form>
`;
